=== 2026-08-20 16:01:47 UTC (mail failed)
Form: appointment
----------------------------------------------
Name:             Prueba QA
Phone:            (305) 555-1234
Email:            qa@example.com
Language:         Spanish
Study:            MRI
Location:         5005 E 8th Ave, Hialeah
----------------------------------------------
Sent: 2026-08-20 16:01:47 UTC
IP:   127.0.0.1

=== 2026-08-20 16:49:57 UTC (mail failed)
Form: appointment
----------------------------------------------
Name:             Prueba QA
Phone:            (305) 555-1234
Email:            qa@example.com
Language:         Spanish
Study:            MRI
Location:         5005 E 8th Ave, Hialeah
----------------------------------------------
Sent: 2026-08-20 16:49:57 UTC
IP:   127.0.0.1

